
> electrolux-dbms@0.1.0 build
> next build

   ▲ Next.js 14.1.0
   - Environments: .env.local

   Creating an optimized production build ...
 ✓ Compiled successfully
   Linting and checking validity of types ...
   Collecting page data ...
[dotenv@17.2.3] injecting env (0) from .env.local -- tip: ⚙️  suppress all logs with { quiet: true }
[dotenv@17.2.3] injecting env (0) from .env.local -- tip: 🗂️ backup and recover secrets: https://dotenvx.com/ops
[dotenv@17.2.3] injecting env (0) from .env.local -- tip: 👥 sync secrets across teammates & machines: https://dotenvx.com/ops
   Generating static pages (0/85) ...
[Analytics API] Error fetching analytics data: n [Error]: Dynamic server usage: Page couldn't be rendered statically because it used `headers`. See more info here: https://nextjs.org/docs/messages/dynamic-server-error
    at s (d:\Programming\Projects\electrolux_ems\.next\server\chunks\755.js:1:102376)
    at u (d:\Programming\Projects\electrolux_ems\.next\server\chunks\123.js:30:26072)
    at s (d:\Programming\Projects\electrolux_ems\.next\server\chunks\123.js:30:20526)
    at y (d:\Programming\Projects\electrolux_ems\.next\server\app\api\analytics\route.js:1:1639)
    at d:\Programming\Projects\electrolux_ems\node_modules\next\dist\compiled\next-server\app-route.runtime.prod.js:6:42490
    at d:\Programming\Projects\electrolux_ems\node_modules\next\dist\server\lib\trace\tracer.js:133:36
    at NoopContextManager.with (d:\Programming\Projects\electrolux_ems\node_modules\next\dist\compiled\@opentelemetry\api\index.js:1:7062)
    at ContextAPI.with (d:\Programming\Projects\electrolux_ems\node_modules\next\dist\compiled\@opentelemetry\api\index.js:1:518)
    at NoopTracer.startActiveSpan (d:\Programming\Projects\electrolux_ems\node_modules\next\dist\compiled\@opentelemetry\api\index.js:1:18093)
    at ProxyTracer.startActiveSpan (d:\Programming\Projects\electrolux_ems\node_modules\next\dist\compiled\@opentelemetry\api\index.js:1:18854) {
  description: "Page couldn't be rendered statically because it used `headers`. See more info here: https://nextjs.org/docs/messages/dynamic-server-error",
  digest: 'DYNAMIC_SERVER_USAGE'
}
[Analytics API] Error stack: Error: Dynamic server usage: Page couldn't be rendered statically because it used `headers`. See more info here: https://nextjs.org/docs/messages/dynamic-server-error
    at s (d:\Programming\Projects\electrolux_ems\.next\server\chunks\755.js:1:102376)
    at u (d:\Programming\Projects\electrolux_ems\.next\server\chunks\123.js:30:26072)
    at s (d:\Programming\Projects\electrolux_ems\.next\server\chunks\123.js:30:20526)
    at y (d:\Programming\Projects\electrolux_ems\.next\server\app\api\analytics\route.js:1:1639)
    at d:\Programming\Projects\electrolux_ems\node_modules\next\dist\compiled\next-server\app-route.runtime.prod.js:6:42490
    at d:\Programming\Projects\electrolux_ems\node_modules\next\dist\server\lib\trace\tracer.js:133:36
    at NoopContextManager.with (d:\Programming\Projects\electrolux_ems\node_modules\next\dist\compiled\@opentelemetry\api\index.js:1:7062)
    at ContextAPI.with (d:\Programming\Projects\electrolux_ems\node_modules\next\dist\compiled\@opentelemetry\api\index.js:1:518)
    at NoopTracer.startActiveSpan (d:\Programming\Projects\electrolux_ems\node_modules\next\dist\compiled\@opentelemetry\api\index.js:1:18093)
    at ProxyTracer.startActiveSpan (d:\Programming\Projects\electrolux_ems\node_modules\next\dist\compiled\@opentelemetry\api\index.js:1:18854)
[Analytics API] Error details: {
  "description": "Page couldn't be rendered statically because it used `headers`. See more info here: https://nextjs.org/docs/messages/dynamic-server-error",
  "digest": "DYNAMIC_SERVER_USAGE"
}
Error checking bill request eligibility: n [Error]: Dynamic server usage: Page couldn't be rendered statically because it used `headers`. See more info here: https://nextjs.org/docs/messages/dynamic-server-error
    at s (d:\Programming\Projects\electrolux_ems\.next\server\chunks\755.js:1:102376)
    at u (d:\Programming\Projects\electrolux_ems\.next\server\chunks\123.js:30:26072)
    at s (d:\Programming\Projects\electrolux_ems\.next\server\chunks\123.js:30:20526)
    at g (d:\Programming\Projects\electrolux_ems\.next\server\app\api\bills\can-request\route.js:1:1639)
    at d:\Programming\Projects\electrolux_ems\node_modules\next\dist\compiled\next-server\app-route.runtime.prod.js:6:42490
    at d:\Programming\Projects\electrolux_ems\node_modules\next\dist\server\lib\trace\tracer.js:133:36
    at NoopContextManager.with (d:\Programming\Projects\electrolux_ems\node_modules\next\dist\compiled\@opentelemetry\api\index.js:1:7062)
    at ContextAPI.with (d:\Programming\Projects\electrolux_ems\node_modules\next\dist\compiled\@opentelemetry\api\index.js:1:518)
    at NoopTracer.startActiveSpan (d:\Programming\Projects\electrolux_ems\node_modules\next\dist\compiled\@opentelemetry\api\index.js:1:18093)
    at ProxyTracer.startActiveSpan (d:\Programming\Projects\electrolux_ems\node_modules\next\dist\compiled\@opentelemetry\api\index.js:1:18854) {
  description: "Page couldn't be rendered statically because it used `headers`. See more info here: https://nextjs.org/docs/messages/dynamic-server-error",
  digest: 'DYNAMIC_SERVER_USAGE'
}
[Bills Preview] Error: n [Error]: Dynamic server usage: Page couldn't be rendered statically because it used `headers`. See more info here: https://nextjs.org/docs/messages/dynamic-server-error
    at s (d:\Programming\Projects\electrolux_ems\.next\server\chunks\755.js:1:102376)
    at u (d:\Programming\Projects\electrolux_ems\.next\server\chunks\123.js:30:26072)
    at s (d:\Programming\Projects\electrolux_ems\.next\server\chunks\123.js:30:20526)
    at g (d:\Programming\Projects\electrolux_ems\.next\server\app\api\bills\preview\route.js:1:1639)
    at d:\Programming\Projects\electrolux_ems\node_modules\next\dist\compiled\next-server\app-route.runtime.prod.js:6:42490
    at d:\Programming\Projects\electrolux_ems\node_modules\next\dist\server\lib\trace\tracer.js:133:36
    at NoopContextManager.with (d:\Programming\Projects\electrolux_ems\node_modules\next\dist\compiled\@opentelemetry\api\index.js:1:7062)
    at ContextAPI.with (d:\Programming\Projects\electrolux_ems\node_modules\next\dist\compiled\@opentelemetry\api\index.js:1:518)
    at NoopTracer.startActiveSpan (d:\Programming\Projects\electrolux_ems\node_modules\next\dist\compiled\@opentelemetry\api\index.js:1:18093)
    at ProxyTracer.startActiveSpan (d:\Programming\Projects\electrolux_ems\node_modules\next\dist\compiled\@opentelemetry\api\index.js:1:18854) {
  description: "Page couldn't be rendered statically because it used `headers`. See more info here: https://nextjs.org/docs/messages/dynamic-server-error",
  digest: 'DYNAMIC_SERVER_USAGE'
}
Error fetching complaint analytics: n [Error]: Dynamic server usage: Page couldn't be rendered statically because it used `headers`. See more info here: https://nextjs.org/docs/messages/dynamic-server-error
    at s (d:\Programming\Projects\electrolux_ems\.next\server\chunks\755.js:1:102376)
    at u (d:\Programming\Projects\electrolux_ems\.next\server\chunks\123.js:30:26072)
    at s (d:\Programming\Projects\electrolux_ems\.next\server\chunks\123.js:30:20526)
    at w (d:\Programming\Projects\electrolux_ems\.next\server\app\api\complaints\analytics\route.js:1:1639)
    at d:\Programming\Projects\electrolux_ems\node_modules\next\dist\compiled\next-server\app-route.runtime.prod.js:6:42490
    at d:\Programming\Projects\electrolux_ems\node_modules\next\dist\server\lib\trace\tracer.js:133:36
    at NoopContextManager.with (d:\Programming\Projects\electrolux_ems\node_modules\next\dist\compiled\@opentelemetry\api\index.js:1:7062)
    at ContextAPI.with (d:\Programming\Projects\electrolux_ems\node_modules\next\dist\compiled\@opentelemetry\api\index.js:1:518)
    at NoopTracer.startActiveSpan (d:\Programming\Projects\electrolux_ems\node_modules\next\dist\compiled\@opentelemetry\api\index.js:1:18093)
    at ProxyTracer.startActiveSpan (d:\Programming\Projects\electrolux_ems\node_modules\next\dist\compiled\@opentelemetry\api\index.js:1:18854) {
  description: "Page couldn't be rendered statically because it used `headers`. See more info here: https://nextjs.org/docs/messages/dynamic-server-error",
  digest: 'DYNAMIC_SERVER_USAGE'
}
[Customer Dashboard API] Error fetching dashboard data: n [Error]: Dynamic server usage: Page couldn't be rendered statically because it used `headers`. See more info here: https://nextjs.org/docs/messages/dynamic-server-error
    at s (d:\Programming\Projects\electrolux_ems\.next\server\chunks\755.js:1:102376)
    at u (d:\Programming\Projects\electrolux_ems\.next\server\chunks\123.js:30:26072)
    at s (d:\Programming\Projects\electrolux_ems\.next\server\chunks\123.js:30:20526)
    at h (d:\Programming\Projects\electrolux_ems\.next\server\app\api\customer\dashboard\route.js:1:1656)
    at d:\Programming\Projects\electrolux_ems\node_modules\next\dist\compiled\next-server\app-route.runtime.prod.js:6:42490
    at d:\Programming\Projects\electrolux_ems\node_modules\next\dist\server\lib\trace\tracer.js:133:36
    at NoopContextManager.with (d:\Programming\Projects\electrolux_ems\node_modules\next\dist\compiled\@opentelemetry\api\index.js:1:7062)
    at ContextAPI.with (d:\Programming\Projects\electrolux_ems\node_modules\next\dist\compiled\@opentelemetry\api\index.js:1:518)
    at NoopTracer.startActiveSpan (d:\Programming\Projects\electrolux_ems\node_modules\next\dist\compiled\@opentelemetry\api\index.js:1:18093)
    at ProxyTracer.startActiveSpan (d:\Programming\Projects\electrolux_ems\node_modules\next\dist\compiled\@opentelemetry\api\index.js:1:18854) {
  description: "Page couldn't be rendered statically because it used `headers`. See more info here: https://nextjs.org/docs/messages/dynamic-server-error",
  digest: 'DYNAMIC_SERVER_USAGE'
}
Profile API error: n [Error]: Dynamic server usage: Page couldn't be rendered statically because it used `headers`. See more info here: https://nextjs.org/docs/messages/dynamic-server-error
    at s (d:\Programming\Projects\electrolux_ems\.next\server\chunks\755.js:1:102376)
    at u (d:\Programming\Projects\electrolux_ems\.next\server\chunks\123.js:30:26072)
    at s (d:\Programming\Projects\electrolux_ems\.next\server\chunks\123.js:30:20526)
    at d (d:\Programming\Projects\electrolux_ems\.next\server\app\api\customers\profile\route.js:1:1628)
    at d:\Programming\Projects\electrolux_ems\node_modules\next\dist\compiled\next-server\app-route.runtime.prod.js:6:42490
    at d:\Programming\Projects\electrolux_ems\node_modules\next\dist\server\lib\trace\tracer.js:133:36
    at NoopContextManager.with (d:\Programming\Projects\electrolux_ems\node_modules\next\dist\compiled\@opentelemetry\api\index.js:1:7062)
    at ContextAPI.with (d:\Programming\Projects\electrolux_ems\node_modules\next\dist\compiled\@opentelemetry\api\index.js:1:518)
    at NoopTracer.startActiveSpan (d:\Programming\Projects\electrolux_ems\node_modules\next\dist\compiled\@opentelemetry\api\index.js:1:18093)
    at ProxyTracer.startActiveSpan (d:\Programming\Projects\electrolux_ems\node_modules\next\dist\compiled\@opentelemetry\api\index.js:1:18854) {
  description: "Page couldn't be rendered statically because it used `headers`. See more info here: https://nextjs.org/docs/messages/dynamic-server-error",
  digest: 'DYNAMIC_SERVER_USAGE'
}

   Generating static pages (21/85) 
[API] CRITICAL ERROR: n [Error]: Dynamic server usage: Page couldn't be rendered statically because it used `headers`. See more info here: https://nextjs.org/docs/messages/dynamic-server-error
    at s (d:\Programming\Projects\electrolux_ems\.next\server\chunks\755.js:1:102376)
    at u (d:\Programming\Projects\electrolux_ems\.next\server\chunks\123.js:30:26072)
    at s (d:\Programming\Projects\electrolux_ems\.next\server\chunks\123.js:30:20526)
    at h (d:\Programming\Projects\electrolux_ems\.next\server\app\api\customers\without-reading\route.js:1:1650)
    at d:\Programming\Projects\electrolux_ems\node_modules\next\dist\compiled\next-server\app-route.runtime.prod.js:6:42490
    at d:\Programming\Projects\electrolux_ems\node_modules\next\dist\server\lib\trace\tracer.js:133:36
    at NoopContextManager.with (d:\Programming\Projects\electrolux_ems\node_modules\next\dist\compiled\@opentelemetry\api\index.js:1:7062)
    at ContextAPI.with (d:\Programming\Projects\electrolux_ems\node_modules\next\dist\compiled\@opentelemetry\api\index.js:1:518)
    at NoopTracer.startActiveSpan (d:\Programming\Projects\electrolux_ems\node_modules\next\dist\compiled\@opentelemetry\api\index.js:1:18093)
    at ProxyTracer.startActiveSpan (d:\Programming\Projects\electrolux_ems\node_modules\next\dist\compiled\@opentelemetry\api\index.js:1:18854) {
  description: "Page couldn't be rendered statically because it used `headers`. See more info here: https://nextjs.org/docs/messages/dynamic-server-error",
  digest: 'DYNAMIC_SERVER_USAGE'
}
[API] Error stack: Error: Dynamic server usage: Page couldn't be rendered statically because it used `headers`. See more info here: https://nextjs.org/docs/messages/dynamic-server-error
    at s (d:\Programming\Projects\electrolux_ems\.next\server\chunks\755.js:1:102376)
    at u (d:\Programming\Projects\electrolux_ems\.next\server\chunks\123.js:30:26072)
    at s (d:\Programming\Projects\electrolux_ems\.next\server\chunks\123.js:30:20526)
    at h (d:\Programming\Projects\electrolux_ems\.next\server\app\api\customers\without-reading\route.js:1:1650)
    at d:\Programming\Projects\electrolux_ems\node_modules\next\dist\compiled\next-server\app-route.runtime.prod.js:6:42490
    at d:\Programming\Projects\electrolux_ems\node_modules\next\dist\server\lib\trace\tracer.js:133:36
    at NoopContextManager.with (d:\Programming\Projects\electrolux_ems\node_modules\next\dist\compiled\@opentelemetry\api\index.js:1:7062)
    at ContextAPI.with (d:\Programming\Projects\electrolux_ems\node_modules\next\dist\compiled\@opentelemetry\api\index.js:1:518)
    at NoopTracer.startActiveSpan (d:\Programming\Projects\electrolux_ems\node_modules\next\dist\compiled\@opentelemetry\api\index.js:1:18093)
    at ProxyTracer.startActiveSpan (d:\Programming\Projects\electrolux_ems\node_modules\next\dist\compiled\@opentelemetry\api\index.js:1:18854)
[Dashboard API] Error fetching dashboard data: n [Error]: Dynamic server usage: Page couldn't be rendered statically because it used `headers`. See more info here: https://nextjs.org/docs/messages/dynamic-server-error
    at s (d:\Programming\Projects\electrolux_ems\.next\server\chunks\755.js:1:102376)
    at u (d:\Programming\Projects\electrolux_ems\.next\server\chunks\123.js:30:26072)
    at s (d:\Programming\Projects\electrolux_ems\.next\server\chunks\123.js:30:20526)
    at b (d:\Programming\Projects\electrolux_ems\.next\server\app\api\dashboard\route.js:1:1656)
    at d:\Programming\Projects\electrolux_ems\node_modules\next\dist\compiled\next-server\app-route.runtime.prod.js:6:42490
    at d:\Programming\Projects\electrolux_ems\node_modules\next\dist\server\lib\trace\tracer.js:133:36
    at NoopContextManager.with (d:\Programming\Projects\electrolux_ems\node_modules\next\dist\compiled\@opentelemetry\api\index.js:1:7062)
    at ContextAPI.with (d:\Programming\Projects\electrolux_ems\node_modules\next\dist\compiled\@opentelemetry\api\index.js:1:518)
    at NoopTracer.startActiveSpan (d:\Programming\Projects\electrolux_ems\node_modules\next\dist\compiled\@opentelemetry\api\index.js:1:18093)
    at ProxyTracer.startActiveSpan (d:\Programming\Projects\electrolux_ems\node_modules\next\dist\compiled\@opentelemetry\api\index.js:1:18854) {
  description: "Page couldn't be rendered statically because it used `headers`. See more info here: https://nextjs.org/docs/messages/dynamic-server-error",
  digest: 'DYNAMIC_SERVER_USAGE'
}
[DEBUG API] Error: n [Error]: Dynamic server usage: Page couldn't be rendered statically because it used `headers`. See more info here: https://nextjs.org/docs/messages/dynamic-server-error
    at s (d:\Programming\Projects\electrolux_ems\.next\server\chunks\755.js:1:102376)
    at u (d:\Programming\Projects\electrolux_ems\.next\server\chunks\123.js:30:26072)
    at s (d:\Programming\Projects\electrolux_ems\.next\server\chunks\123.js:30:20526)
    at g (d:\Programming\Projects\electrolux_ems\.next\server\app\api\debug-customers\route.js:1:1637)
    at d:\Programming\Projects\electrolux_ems\node_modules\next\dist\compiled\next-server\app-route.runtime.prod.js:6:42490
    at d:\Programming\Projects\electrolux_ems\node_modules\next\dist\server\lib\trace\tracer.js:133:36
    at NoopContextManager.with (d:\Programming\Projects\electrolux_ems\node_modules\next\dist\compiled\@opentelemetry\api\index.js:1:7062)
    at ContextAPI.with (d:\Programming\Projects\electrolux_ems\node_modules\next\dist\compiled\@opentelemetry\api\index.js:1:518)
    at NoopTracer.startActiveSpan (d:\Programming\Projects\electrolux_ems\node_modules\next\dist\compiled\@opentelemetry\api\index.js:1:18093)
    at ProxyTracer.startActiveSpan (d:\Programming\Projects\electrolux_ems\node_modules\next\dist\compiled\@opentelemetry\api\index.js:1:18854) {
  description: "Page couldn't be rendered statically because it used `headers`. See more info here: https://nextjs.org/docs/messages/dynamic-server-error",
  digest: 'DYNAMIC_SERVER_USAGE'
}
[DEBUG] Error: n [Error]: Dynamic server usage: Page couldn't be rendered statically because it used `headers`. See more info here: https://nextjs.org/docs/messages/dynamic-server-error
    at s (d:\Programming\Projects\electrolux_ems\.next\server\chunks\755.js:1:102376)
    at u (d:\Programming\Projects\electrolux_ems\.next\server\chunks\123.js:30:26072)
    at s (d:\Programming\Projects\electrolux_ems\.next\server\chunks\123.js:30:20526)
    at g (d:\Programming\Projects\electrolux_ems\.next\server\app\api\debug-stats\route.js:1:1637)
    at d:\Programming\Projects\electrolux_ems\node_modules\next\dist\compiled\next-server\app-route.runtime.prod.js:6:42490
    at d:\Programming\Projects\electrolux_ems\node_modules\next\dist\server\lib\trace\tracer.js:133:36
    at NoopContextManager.with (d:\Programming\Projects\electrolux_ems\node_modules\next\dist\compiled\@opentelemetry\api\index.js:1:7062)
    at ContextAPI.with (d:\Programming\Projects\electrolux_ems\node_modules\next\dist\compiled\@opentelemetry\api\index.js:1:518)
    at NoopTracer.startActiveSpan (d:\Programming\Projects\electrolux_ems\node_modules\next\dist\compiled\@opentelemetry\api\index.js:1:18093)
    at ProxyTracer.startActiveSpan (d:\Programming\Projects\electrolux_ems\node_modules\next\dist\compiled\@opentelemetry\api\index.js:1:18854) {
  description: "Page couldn't be rendered statically because it used `headers`. See more info here: https://nextjs.org/docs/messages/dynamic-server-error",
  digest: 'DYNAMIC_SERVER_USAGE'
}
Error fetching bill requests: n [Error]: Dynamic server usage: Page couldn't be rendered statically because it used `headers`. See more info here: https://nextjs.org/docs/messages/dynamic-server-error
    at s (d:\Programming\Projects\electrolux_ems\.next\server\chunks\755.js:1:102376)
    at u (d:\Programming\Projects\electrolux_ems\.next\server\chunks\123.js:30:26072)
    at s (d:\Programming\Projects\electrolux_ems\.next\server\chunks\123.js:30:20526)
    at y (d:\Programming\Projects\electrolux_ems\.next\server\app\api\employee\bill-requests\route.js:1:1650)
    at d:\Programming\Projects\electrolux_ems\node_modules\next\dist\compiled\next-server\app-route.runtime.prod.js:6:42490
    at d:\Programming\Projects\electrolux_ems\node_modules\next\dist\server\lib\trace\tracer.js:133:36
    at NoopContextManager.with (d:\Programming\Projects\electrolux_ems\node_modules\next\dist\compiled\@opentelemetry\api\index.js:1:7062)
    at ContextAPI.with (d:\Programming\Projects\electrolux_ems\node_modules\next\dist\compiled\@opentelemetry\api\index.js:1:518)
    at NoopTracer.startActiveSpan (d:\Programming\Projects\electrolux_ems\node_modules\next\dist\compiled\@opentelemetry\api\index.js:1:18093)
    at ProxyTracer.startActiveSpan (d:\Programming\Projects\electrolux_ems\node_modules\next\dist\compiled\@opentelemetry\api\index.js:1:18854) {
  description: "Page couldn't be rendered statically because it used `headers`. See more info here: https://nextjs.org/docs/messages/dynamic-server-error",
  digest: 'DYNAMIC_SERVER_USAGE'
}
[Employee Dashboard API] Error fetching dashboard data: n [Error]: Dynamic server usage: Page couldn't be rendered statically because it used `headers`. See more info here: https://nextjs.org/docs/messages/dynamic-server-error
    at s (d:\Programming\Projects\electrolux_ems\.next\server\chunks\755.js:1:102376)
    at u (d:\Programming\Projects\electrolux_ems\.next\server\chunks\123.js:30:26072)
    at s (d:\Programming\Projects\electrolux_ems\.next\server\chunks\123.js:30:20526)
    at w (d:\Programming\Projects\electrolux_ems\.next\server\app\api\employee\dashboard\route.js:1:1650)
    at d:\Programming\Projects\electrolux_ems\node_modules\next\dist\compiled\next-server\app-route.runtime.prod.js:6:42490
    at d:\Programming\Projects\electrolux_ems\node_modules\next\dist\server\lib\trace\tracer.js:133:36
    at NoopContextManager.with (d:\Programming\Projects\electrolux_ems\node_modules\next\dist\compiled\@opentelemetry\api\index.js:1:7062)
    at ContextAPI.with (d:\Programming\Projects\electrolux_ems\node_modules\next\dist\compiled\@opentelemetry\api\index.js:1:518)
    at NoopTracer.startActiveSpan (d:\Programming\Projects\electrolux_ems\node_modules\next\dist\compiled\@opentelemetry\api\index.js:1:18093)
    at ProxyTracer.startActiveSpan (d:\Programming\Projects\electrolux_ems\node_modules\next\dist\compiled\@opentelemetry\api\index.js:1:18854) {
  description: "Page couldn't be rendered statically because it used `headers`. See more info here: https://nextjs.org/docs/messages/dynamic-server-error",
  digest: 'DYNAMIC_SERVER_USAGE'
}
[TEST API] Error: n [Error]: Dynamic server usage: Page couldn't be rendered statically because it used `headers`. See more info here: https://nextjs.org/docs/messages/dynamic-server-error
    at s (d:\Programming\Projects\electrolux_ems\.next\server\chunks\755.js:1:102376)
    at u (d:\Programming\Projects\electrolux_ems\.next\server\chunks\123.js:30:26072)
    at s (d:\Programming\Projects\electrolux_ems\.next\server\chunks\123.js:30:20526)
    at g (d:\Programming\Projects\electrolux_ems\.next\server\app\api\test-customers\route.js:1:1637)
    at d:\Programming\Projects\electrolux_ems\node_modules\next\dist\compiled\next-server\app-route.runtime.prod.js:6:42490
    at d:\Programming\Projects\electrolux_ems\node_modules\next\dist\server\lib\trace\tracer.js:133:36
    at NoopContextManager.with (d:\Programming\Projects\electrolux_ems\node_modules\next\dist\compiled\@opentelemetry\api\index.js:1:7062)
    at ContextAPI.with (d:\Programming\Projects\electrolux_ems\node_modules\next\dist\compiled\@opentelemetry\api\index.js:1:518)
    at NoopTracer.startActiveSpan (d:\Programming\Projects\electrolux_ems\node_modules\next\dist\compiled\@opentelemetry\api\index.js:1:18093)
    at ProxyTracer.startActiveSpan (d:\Programming\Projects\electrolux_ems\node_modules\next\dist\compiled\@opentelemetry\api\index.js:1:18854) {
  description: "Page couldn't be rendered statically because it used `headers`. See more info here: https://nextjs.org/docs/messages/dynamic-server-error",
  digest: 'DYNAMIC_SERVER_USAGE'
}
[TEST] Error: n [Error]: Dynamic server usage: Page couldn't be rendered statically because it used `headers`. See more info here: https://nextjs.org/docs/messages/dynamic-server-error
    at s (d:\Programming\Projects\electrolux_ems\.next\server\chunks\755.js:1:102376)
    at u (d:\Programming\Projects\electrolux_ems\.next\server\chunks\123.js:30:26072)
    at s (d:\Programming\Projects\electrolux_ems\.next\server\chunks\123.js:30:20526)
    at g (d:\Programming\Projects\electrolux_ems\.next\server\app\api\test-database\route.js:1:1637)
    at d:\Programming\Projects\electrolux_ems\node_modules\next\dist\compiled\next-server\app-route.runtime.prod.js:6:42490
    at d:\Programming\Projects\electrolux_ems\node_modules\next\dist\server\lib\trace\tracer.js:133:36
    at NoopContextManager.with (d:\Programming\Projects\electrolux_ems\node_modules\next\dist\compiled\@opentelemetry\api\index.js:1:7062)
    at ContextAPI.with (d:\Programming\Projects\electrolux_ems\node_modules\next\dist\compiled\@opentelemetry\api\index.js:1:518)
    at NoopTracer.startActiveSpan (d:\Programming\Projects\electrolux_ems\node_modules\next\dist\compiled\@opentelemetry\api\index.js:1:18093)
    at ProxyTracer.startActiveSpan (d:\Programming\Projects\electrolux_ems\node_modules\next\dist\compiled\@opentelemetry\api\index.js:1:18854) {
  description: "Page couldn't be rendered statically because it used `headers`. See more info here: https://nextjs.org/docs/messages/dynamic-server-error",
  digest: 'DYNAMIC_SERVER_USAGE'
}

   Generating static pages (42/85) 
[Data Export] Error exporting data: n [Error]: Dynamic server usage: Page couldn't be rendered statically because it used `headers`. See more info here: https://nextjs.org/docs/messages/dynamic-server-error
    at s (d:\Programming\Projects\electrolux_ems\.next\server\chunks\755.js:1:102376)
    at u (d:\Programming\Projects\electrolux_ems\.next\server\chunks\123.js:30:26072)
    at s (d:\Programming\Projects\electrolux_ems\.next\server\chunks\123.js:30:20526)
    at p (d:\Programming\Projects\electrolux_ems\.next\server\app\api\admin\data-export\route.js:1:1634)
    at d:\Programming\Projects\electrolux_ems\node_modules\next\dist\compiled\next-server\app-route.runtime.prod.js:6:42490
    at d:\Programming\Projects\electrolux_ems\node_modules\next\dist\server\lib\trace\tracer.js:133:36
    at NoopContextManager.with (d:\Programming\Projects\electrolux_ems\node_modules\next\dist\compiled\@opentelemetry\api\index.js:1:7062)
    at ContextAPI.with (d:\Programming\Projects\electrolux_ems\node_modules\next\dist\compiled\@opentelemetry\api\index.js:1:518)
    at NoopTracer.startActiveSpan (d:\Programming\Projects\electrolux_ems\node_modules\next\dist\compiled\@opentelemetry\api\index.js:1:18093)
    at ProxyTracer.startActiveSpan (d:\Programming\Projects\electrolux_ems\node_modules\next\dist\compiled\@opentelemetry\api\index.js:1:18854) {
  description: "Page couldn't be rendered statically because it used `headers`. See more info here: https://nextjs.org/docs/messages/dynamic-server-error",
  digest: 'DYNAMIC_SERVER_USAGE'
}

   Generating static pages (63/85) 

 ✓ Generating static pages (85/85) 
   Finalizing page optimization ...
   Collecting build traces ...

Route (app)                              Size     First Load JS
┌ ○ /                                    3.4 kB         94.9 kB
├ ○ /_not-found                          886 B          85.1 kB
├ ○ /admin/analytics                     5.46 kB         183 kB
├ ○ /admin/bills                         7.97 kB         114 kB
├ ○ /admin/bills/generate                6.25 kB         112 kB
├ ○ /admin/complaints                    3.69 kB         112 kB
├ ○ /admin/connection-requests           5.99 kB         112 kB
├ ○ /admin/customers                     8.5 kB          114 kB
├ ○ /admin/dashboard                     4.77 kB         182 kB
├ ○ /admin/data-import                   7.82 kB         113 kB
├ ○ /admin/employees                     6.94 kB         113 kB
├ ○ /admin/notifications                 5.53 kB         111 kB
├ ○ /admin/outages                       4.26 kB         112 kB
├ ○ /admin/profile                       4.65 kB         113 kB
├ ○ /admin/settings                      6.71 kB         112 kB
├ ○ /admin/tariffs                       6.74 kB         112 kB
├ λ /api/admin/connection-requests       0 B                0 B
├ λ /api/admin/customers                 0 B                0 B
├ λ /api/admin/data-export               0 B                0 B
├ λ /api/admin/database-backup           0 B                0 B
├ λ /api/admin/generate-sample-data      0 B                0 B
├ λ /api/admin/profile                   0 B                0 B
├ λ /api/admin/settings                  0 B                0 B
├ λ /api/analytics                       0 B                0 B
├ λ /api/auth/[...nextauth]              0 B                0 B
├ λ /api/auth/register                   0 B                0 B
├ λ /api/bills                           0 B                0 B
├ λ /api/bills/[id]                      0 B                0 B
├ λ /api/bills/[id]/status               0 B                0 B
├ λ /api/bills/can-request               0 B                0 B
├ λ /api/bills/generate                  0 B                0 B
├ λ /api/bills/generate-bulk             0 B                0 B
├ λ /api/bills/preview                   0 B                0 B
├ λ /api/bills/request                   0 B                0 B
├ λ /api/complaints                      0 B                0 B
├ λ /api/complaints/[id]                 0 B                0 B
├ λ /api/complaints/analytics            0 B                0 B
├ λ /api/connection-requests             0 B                0 B
├ λ /api/customer/dashboard              0 B                0 B
├ λ /api/customers                       0 B                0 B
├ λ /api/customers/[id]                  0 B                0 B
├ λ /api/customers/profile               0 B                0 B
├ λ /api/customers/without-reading       0 B                0 B
├ λ /api/dashboard                       0 B                0 B
├ λ /api/debug-customers                 0 B                0 B
├ λ /api/debug-stats                     0 B                0 B
├ λ /api/employee/bill-requests          0 B                0 B
├ λ /api/employee/dashboard              0 B                0 B
├ λ /api/employee/notifications          0 B                0 B
├ λ /api/employee/outages                0 B                0 B
├ λ /api/employee/profile                0 B                0 B
├ λ /api/employee/settings               0 B                0 B
├ λ /api/employees                       0 B                0 B
├ λ /api/meter-readings                  0 B                0 B
├ λ /api/notifications                   0 B                0 B
├ λ /api/outages                         0 B                0 B
├ λ /api/outages/[id]                    0 B                0 B
├ λ /api/payments                        0 B                0 B
├ λ /api/tariffs                         0 B                0 B
├ λ /api/tariffs/[id]                    0 B                0 B
├ λ /api/test-customers                  0 B                0 B
├ λ /api/test-database                   0 B                0 B
├ λ /api/work-orders                     0 B                0 B
├ λ /api/work-orders/[id]                0 B                0 B
├ ○ /apply-connection                    4.21 kB        95.7 kB
├ ○ /customer/analytics                  5.08 kB         183 kB
├ ○ /customer/bill-calculator            5.61 kB         111 kB
├ ○ /customer/bill-view                  7.97 kB         102 kB
├ ○ /customer/complaints                 3.26 kB         111 kB
├ ○ /customer/dashboard                  5.57 kB         183 kB
├ ○ /customer/notifications              5.61 kB         111 kB
├ ○ /customer/outage-schedule            6.14 kB         112 kB
├ ○ /customer/payment                    8.39 kB         114 kB
├ ○ /customer/profile                    5.71 kB         114 kB
├ ○ /customer/request-reading            7.31 kB         113 kB
├ ○ /customer/settings                   4.18 kB         112 kB
├ ○ /customer/view-bills                 6.23 kB         184 kB
├ ○ /employee/bill-generation            7.24 kB         113 kB
├ ○ /employee/customers                  6.21 kB         112 kB
├ ○ /employee/dashboard                  5.8 kB          111 kB
├ ○ /employee/meter-reading              10.9 kB         117 kB
├ ○ /employee/notifications              5.24 kB         111 kB
├ ○ /employee/outages                    3.18 kB         111 kB
├ ○ /employee/profile                    4.28 kB         112 kB
├ ○ /employee/settings                   5.29 kB         113 kB
├ ○ /employee/work-orders                4.97 kB         113 kB
├ ○ /forgot-password                     3.31 kB        94.8 kB
├ ○ /login                               2.85 kB         104 kB
├ ○ /register                            5.01 kB        96.5 kB
└ ○ /unauthorized                        1.7 kB         95.7 kB
+ First Load JS shared by all            84.2 kB
  ├ chunks/8069-924f3e49b92859e7.js      28.9 kB
  ├ chunks/fd9d1056-6c78bf184d7e96f2.js  53.4 kB
  └ other shared chunks (total)          1.97 kB


ƒ Middleware                             75.8 kB

○  (Static)   prerendered as static content
λ  (Dynamic)  server-rendered on demand using Node.js


